---
source: htmxology-macros/src/display_delegate.rs
expression: test_display_delegate(input)
---
#[allow(unused)]
mod __test {
    impl<T> std::fmt::Display for Result<T> {
        fn fmt(&self, f: &mut std::fmt::Formatter<'_>) -> std::fmt::Result {
            match self {
                Self::Success(page) => write!(f, "{page}"),
                Self::Error(page) => write!(f, "{page}"),
            }
        }
    }
}
