---
source: htmxology-macros/src/route/mod.rs
expression: test_route_derive(input)
---
#[allow(unused)]
mod __test {
    use axum::response::IntoResponse as _;
    impl htmxology::Route for MyRoute {
        fn method(&self) -> http::Method {
            match self {
                Self::Post { .. } => http::Method::GET,
            }
        }
    }
    impl std::fmt::Display for MyRoute {
        fn fmt(&self, f: &mut std::fmt::Formatter<'_>) -> std::fmt::Result {
            match self {
                Self::Post { user_id, post_id } => {
                    std::fmt::Write::write_char(f, '/')?;
                    f.write_str("users")?;
                    std::fmt::Write::write_char(f, '/')?;
                    user_id.fmt(f)?;
                    std::fmt::Write::write_char(f, '/')?;
                    f.write_str("posts")?;
                    std::fmt::Write::write_char(f, '/')?;
                    post_id.fmt(f)?;
                }
            };
            Ok(())
        }
    }
    impl<S: Send + Sync> axum::extract::FromRequest<S> for MyRoute {
        type Rejection = axum::response::Response;
        async fn from_request(
            __req: axum::extract::Request,
            __state: &S,
        ) -> Result<Self, Self::Rejection> {
            use axum::extract::FromRequestParts;
            {
                static RE: std::sync::LazyLock<regex::Regex> = std::sync::LazyLock::new(||
                {
                    regex::Regex::new(
                            "^/users/(?P<user_id>[^/]+)/posts/(?P<post_id>[^/]+)$",
                        )
                        .unwrap()
                });
                if let Some(__captures) = RE.captures(&__req.uri().path()) {
                    return match __req.method() {
                        &http::Method::GET => {
                            Ok({
                                let user_id = htmxology::decode_path_argument(
                                    stringify!(user_id),
                                    &__captures[stringify!(user_id)],
                                )?;
                                let post_id = htmxology::decode_path_argument(
                                    stringify!(post_id),
                                    &__captures[stringify!(post_id)],
                                )?;
                                Self::Post { user_id, post_id }
                            })
                        }
                        _ => Err(http::StatusCode::METHOD_NOT_ALLOWED.into_response()),
                    };
                }
            }
            Err(http::StatusCode::NOT_FOUND.into_response())
        }
    }
}
